<?php

return [
    'titleField' => 'title',
    'uniqueValue' => ['comment'],
    'ignoreFilter' => ['content', 'comment'],
    'allowHome' => ['title', 'pathname', 'content', 'category', 'listOrder'],
    'allowRead' => ['title', 'pathname', 'content', 'category', 'listOrder'],
    'allowSave' => ['title', 'pathname', 'content', 'category', 'listOrder'],
    'allowUpdate' => ['title', 'pathname', 'content', 'category', 'listOrder'],
    'allowTranslate' => ['title', 'content'],
];
