<?php

return [
    'titleField' => '',
    'uniqueValue' => ['comment'],
    'ignoreFilter' => ['content', 'comment'],
    'allowHome' => ['content', 'category'],
    'allowRead' => ['content', 'category'],
    'allowSave' => ['content', 'category'],
    'allowUpdate' => ['content', 'category'],
    'allowTranslate' => ['content'],
];
